[www.fireflybookstore.com/index.html]
[backblue.gif]
[fade.gif]
[index.html]
[cdn11.bigcommerce.com/s-12263/product_images/firefly_favicon.gif]
[cdn11.bigcommerce.com/s-12263/stencil/08a1d5a0-2e32-013b-5a0d-263a8befbdea/css/theme-6b0b5d40-6072-013b-8ab2-261f9b1f5b00.css]
[cdn11.bigcommerce.com/s-12263/stencil/08a1d5a0-2e32-013b-5a0d-263a8befbdea/css/parts-warehouse-6b0b5d40-6072-013b-8ab2-261f9b1f5b00.css]
[cdn11.bigcommerce.com/s-12263/stencil/08a1d5a0-2e32-013b-5a0d-263a8befbdea/css/cards-simple-6b0b5d40-6072-013b-8ab2-261f9b1f5b00.css]
[cdn11.bigcommerce.com/s-12263/stencil/08a1d5a0-2e32-013b-5a0d-263a8befbdea/css/cards-quicksearch-6b0b5d40-6072-013b-8ab2-261f9b1f5b00.css]
[cdn11.bigcommerce.com/s-12263/stencil/08a1d5a0-2e32-013b-5a0d-263a8befbdea/css/theme-editor-responsive-6b0b5d40-6072-013b-8ab2-261f9b1f5b00.css]
[conduit.mailchimpapp.com/js/stores/store_q2oow1mbax6ou7cix6v9/conduit.js]
[checkout-sdk.bigcommerce.com/v1/loader.js]
[www.fireflybookstore.com/POST.9.delayed]
[ecommplugins-trustboxsettings.trustpilot.com/stores/12263d522.js]
[widget.trustpilot.com/bootstrap/v5/tp.widget.bootstrap.min.js]
[ecommplugins-scripts.trustpilot.com/v2.1/js/header_bigcommerce.min.js]
[www.fireflybookstore.com/remote/v1/product-attributes/index.html]
[www.fireflybookstore.com/giftcertificates.html]
[www.fireflybookstore.com/login.html]
[www.fireflybookstore.com/logind85d.html]
[www.fireflybookstore.com/cart.html]
[cdn11.bigcommerce.com/s-12263/images/stencil/original/fireflyweb2018_1539206446__26261.original.png]
[www.fireflybookstore.com/about-our-store/index.html]
[www.fireflybookstore.com/selling-us-books/index.html]
[www.fireflybookstore.com/employment-1/index.html]
[www.fireflybookstore.com/customer-reviews/index.html]
[www.fireflybookstore.com/brands/Scholastic-Inc..html]
[www.fireflybookstore.com/store-images/index.html]
[www.fireflybookstore.com/event-calendar/index.html]
[www.fireflybookstore.com/download-audio-books/index.html]
[www.fireflybookstore.com/brands/Berkley.html]
[www.fireflybookstore.com/emailing-list/index.html]
[www.fireflybookstore.com/shipping-and-delivery/index.html]
[www.fireflybookstore.com/fireflys-blog/index.html]
[www.fireflybookstore.com/brands/Scholastic.html]
[www.fireflybookstore.com/biography-1/index.html]
[www.fireflybookstore.com/audio-book/index.html]
[www.fireflybookstore.com/business-2/index.html]
[www.fireflybookstore.com/brands/HarperCollins.html]
[www.fireflybookstore.com/education-2/index.html]
[www.fireflybookstore.com/children-3/index.html]
[www.fireflybookstore.com/fiction-5/index.html]
[www.fireflybookstore.com/great-courses/index.html]
[www.fireflybookstore.com/health-2/index.html]
[www.fireflybookstore.com/history-12/index.html]
[www.fireflybookstore.com/horror-1/index.html]
[www.fireflybookstore.com/humor-2/index.html]
[www.fireflybookstore.com/brands/Ballantine-Books.html]
[www.fireflybookstore.com/language-2/index.html]
[www.fireflybookstore.com/metaphysics-1/index.html]
[www.fireflybookstore.com/mystery-1/index.html]
[www.fireflybookstore.com/non-fiction-5/index.html]
[www.fireflybookstore.com/brands/Bantam.html]
[www.fireflybookstore.com/parenting-1/index.html]
[www.fireflybookstore.com/poetry-2/index.html]
[www.fireflybookstore.com/radio-plays/index.html]
[www.fireflybookstore.com/religion-2/index.html]
[www.fireflybookstore.com/brands/Penguin-Books.html]
[www.fireflybookstore.com/index.html]
[cdn11.bigcommerce.com/s-12263/stencil/08a1d5a0-2e32-013b-5a0d-263a8befbdea/css/theme-6b0b5d40-6072-013b-8ab2-261f9b1f5b00.css]
[cdn11.bigcommerce.com/s-12263/stencil/08a1d5a0-2e32-013b-5a0d-263a8befbdea/css/parts-warehouse-6b0b5d40-6072-013b-8ab2-261f9b1f5b00.css]
[cdn11.bigcommerce.com/s-12263/stencil/08a1d5a0-2e32-013b-5a0d-263a8befbdea/css/cards-simple-6b0b5d40-6072-013b-8ab2-261f9b1f5b00.css]
[cdn11.bigcommerce.com/s-12263/stencil/08a1d5a0-2e32-013b-5a0d-263a8befbdea/css/cards-quicksearch-6b0b5d40-6072-013b-8ab2-261f9b1f5b00.css]
[cdn11.bigcommerce.com/s-12263/stencil/08a1d5a0-2e32-013b-5a0d-263a8befbdea/css/theme-editor-responsive-6b0b5d40-6072-013b-8ab2-261f9b1f5b00.css]
[cdn11.bigcommerce.com/s-12263/stencil/08a1d5a0-2e32-013b-5a0d-263a8befbdea/css/custom-6b0b5d40-6072-013b-8ab2-261f9b1f5b00.css]
[www.fireflybookstore.com/POST.html]
[widget.trustpilot.com/bootstrap/v5/tp.widget.bootstrap.min.js]
[www.fireflybookstore.com/remote/v1/product-attributes/index.html]
[www.fireflybookstore.com/giftcertificates.html]
[www.fireflybookstore.com/romance-1/index.html]
[www.fireflybookstore.com/scifi-fantasy/index.html]
[www.fireflybookstore.com/science-2/index.html]
[www.fireflybookstore.com/login.html]
[www.fireflybookstore.com/logind85d.html]
